[  INFO  ] Hello World[   OK   ] Hello World[  WARN  ] Hello World[ ERROR  ] Hello World[ DEBUG  ] Hello World